2023-12-19 04:07:19 [   DEBUG] POST http://localhost:4723/wd/hub/session {"capabilities": {"firstMatch": [{}], "alwaysMatch": {"appium:automationName": "uiautomator2", "platformName": "Android", "appium:deviceName": "R38M300APGE", "appium:appPackage": "com.ajaxsystems", "appium:appActivity": "com.ajaxsystems.ui.activity.LauncherActivity", "appium:language": "en", "appium:locale": "US"}}} (remote_connection.py:313)
2023-12-19 04:07:19 [   DEBUG] Starting new HTTP connection (1): localhost:4723 (connectionpool.py:244)
2023-12-19 04:07:29 [   DEBUG] http://localhost:4723 "POST /wd/hub/session HTTP/1.1" 200 0 (connectionpool.py:546)
2023-12-19 04:07:29 [   DEBUG] Remote response: status=200 | data={"value":{"capabilities":{"platform":"LINUX","webStorageEnabled":false,"takesScreenshot":true,"javascriptEnabled":true,"databaseEnabled":false,"networkConnectionEnabled":true,"locationContextEnabled":false,"warnings":{},"desired":{"platformName":"Android","automationName":"uiautomator2","deviceName":"R38M300APGE","appPackage":"com.ajaxsystems","appActivity":"com.ajaxsystems.ui.activity.LauncherActivity","language":"en","locale":"US"},"platformName":"Android","automationName":"uiautomator2","deviceName":"R38M300APGE","appPackage":"com.ajaxsystems","appActivity":"com.ajaxsystems.ui.activity.LauncherActivity","language":"en","locale":"US","deviceUDID":"R38M300APGE","deviceApiLevel":29,"platformVersion":"10","deviceScreenSize":"1080x2280","deviceScreenDensity":420,"deviceModel":"SM-G973U","deviceManufacturer":"samsung","pixelRatio":2.625,"statBarHeight":112,"viewportRect":{"left":0,"top":112,"width":1080,"height":2017}},"sessionId":"3661dfa4-00af-4cfb-a5c7-3fb3fbf2fac8"}} | headers=HTTPHeaderDict({'X-Powered-By': 'Express', 'Vary': 'X-HTTP-Method-Override', 'Content-Type': 'application/json; charset=utf-8', 'Content-Length': '982', 'ETag': 'W/"3d6-79HbimflegZeN2whNqPKj7WE774"', 'Date': 'Tue, 19 Dec 2023 02:07:29 GMT', 'Connection': 'keep-alive'}) (remote_connection.py:329)
2023-12-19 04:07:29 [   DEBUG] Finished Request (remote_connection.py:356)
2023-12-19 04:07:29 [   DEBUG] POST http://localhost:4723/wd/hub/session/3661dfa4-00af-4cfb-a5c7-3fb3fbf2fac8/element {"using": "xpath", "value": "//*[@text=\"Log In\"]"} (remote_connection.py:313)
2023-12-19 04:07:30 [   DEBUG] http://localhost:4723 "POST /wd/hub/session/3661dfa4-00af-4cfb-a5c7-3fb3fbf2fac8/element HTTP/1.1" 200 0 (connectionpool.py:546)
2023-12-19 04:07:30 [   DEBUG] Remote response: status=200 | data={"value":{"element-6066-11e4-a52e-4f735466cecf":"00000000-0000-1b3c-0000-00060000001b","ELEMENT":"00000000-0000-1b3c-0000-00060000001b"}} | headers=HTTPHeaderDict({'X-Powered-By': 'Express', 'Vary': 'X-HTTP-Method-Override', 'Content-Type': 'application/json; charset=utf-8', 'Content-Length': '137', 'ETag': 'W/"89-kK+F2YeqOeTJlliWsdEVmeqrEs8"', 'Date': 'Tue, 19 Dec 2023 02:07:30 GMT', 'Connection': 'keep-alive'}) (remote_connection.py:329)
2023-12-19 04:07:30 [   DEBUG] Finished Request (remote_connection.py:356)
2023-12-19 04:07:30 [   DEBUG] GET http://localhost:4723/wd/hub/session/3661dfa4-00af-4cfb-a5c7-3fb3fbf2fac8/element/00000000-0000-1b3c-0000-00060000001b/displayed {} (remote_connection.py:313)
2023-12-19 04:07:31 [   DEBUG] http://localhost:4723 "GET /wd/hub/session/3661dfa4-00af-4cfb-a5c7-3fb3fbf2fac8/element/00000000-0000-1b3c-0000-00060000001b/displayed HTTP/1.1" 200 0 (connectionpool.py:546)
2023-12-19 04:07:31 [   DEBUG] Remote response: status=200 | data={"value":true} | headers=HTTPHeaderDict({'X-Powered-By': 'Express', 'Content-Type': 'application/json; charset=utf-8', 'Content-Length': '14', 'ETag': 'W/"e-2ZHvAWebNQpyjGZTg6uyV8/spTo"', 'Date': 'Tue, 19 Dec 2023 02:07:31 GMT', 'Connection': 'keep-alive'}) (remote_connection.py:329)
2023-12-19 04:07:31 [   DEBUG] Finished Request (remote_connection.py:356)
2023-12-19 04:07:31 [   DEBUG] POST http://localhost:4723/wd/hub/session/3661dfa4-00af-4cfb-a5c7-3fb3fbf2fac8/element {"using": "xpath", "value": "//*[@text=\"Create Account\"]"} (remote_connection.py:313)
2023-12-19 04:07:31 [   DEBUG] http://localhost:4723 "POST /wd/hub/session/3661dfa4-00af-4cfb-a5c7-3fb3fbf2fac8/element HTTP/1.1" 200 0 (connectionpool.py:546)
2023-12-19 04:07:31 [   DEBUG] Remote response: status=200 | data={"value":{"element-6066-11e4-a52e-4f735466cecf":"00000000-0000-1b3c-0000-000b00000021","ELEMENT":"00000000-0000-1b3c-0000-000b00000021"}} | headers=HTTPHeaderDict({'X-Powered-By': 'Express', 'Vary': 'X-HTTP-Method-Override', 'Content-Type': 'application/json; charset=utf-8', 'Content-Length': '137', 'ETag': 'W/"89-FuBbBM5shMarDvUZf5RiJqjNXbA"', 'Date': 'Tue, 19 Dec 2023 02:07:31 GMT', 'Connection': 'keep-alive'}) (remote_connection.py:329)
2023-12-19 04:07:31 [   DEBUG] Finished Request (remote_connection.py:356)
2023-12-19 04:07:31 [   DEBUG] GET http://localhost:4723/wd/hub/session/3661dfa4-00af-4cfb-a5c7-3fb3fbf2fac8/element/00000000-0000-1b3c-0000-000b00000021/displayed {} (remote_connection.py:313)
2023-12-19 04:07:31 [   DEBUG] http://localhost:4723 "GET /wd/hub/session/3661dfa4-00af-4cfb-a5c7-3fb3fbf2fac8/element/00000000-0000-1b3c-0000-000b00000021/displayed HTTP/1.1" 200 0 (connectionpool.py:546)
2023-12-19 04:07:31 [   DEBUG] Remote response: status=200 | data={"value":true} | headers=HTTPHeaderDict({'X-Powered-By': 'Express', 'Content-Type': 'application/json; charset=utf-8', 'Content-Length': '14', 'ETag': 'W/"e-2ZHvAWebNQpyjGZTg6uyV8/spTo"', 'Date': 'Tue, 19 Dec 2023 02:07:31 GMT', 'Connection': 'keep-alive'}) (remote_connection.py:329)
2023-12-19 04:07:31 [   DEBUG] Finished Request (remote_connection.py:356)
2023-12-19 04:07:31 [   DEBUG] POST http://localhost:4723/wd/hub/session/3661dfa4-00af-4cfb-a5c7-3fb3fbf2fac8/element {"using": "xpath", "value": "//*[@text=\"Login\"]"} (remote_connection.py:313)
2023-12-19 04:07:31 [   DEBUG] http://localhost:4723 "POST /wd/hub/session/3661dfa4-00af-4cfb-a5c7-3fb3fbf2fac8/element HTTP/1.1" 404 0 (connectionpool.py:546)
2023-12-19 04:07:31 [   DEBUG] Remote response: status=404 | data={"value":{"error":"no such element","message":"An element could not be located on the page using the given search parameters.","stacktrace":"NoSuchElementError: An element could not be located on the page using the given search parameters.\n    at AndroidUiautomator2Driver.findElOrEls (C:\\Users\\scher\\AppData\\Local\\Programs\\Appium Server GUI\\resources\\app\\node_modules\\appium\\node_modules\\appium-android-driver\\lib\\commands\\find.js:75:11)\n    at runMicrotasks (<anonymous>)\n    at processTicksAndRejections (internal/process/task_queues.js:97:5)\n    at AndroidUiautomator2Driver.findElOrElsWithProcessing (C:\\Users\\scher\\AppData\\Local\\Programs\\Appium Server GUI\\resources\\app\\node_modules\\appium\\node_modules\\appium-base-driver\\lib\\basedriver\\commands\\find.js:33:12)\n    at AndroidUiautomator2Driver.findElement (C:\\Users\\scher\\AppData\\Local\\Programs\\Appium Server GUI\\resources\\app\\node_modules\\appium\\node_modules\\appium-base-driver\\lib\\basedriver\\commands\\find.js:53:10)"}} | headers=HTTPHeaderDict({'X-Powered-By': 'Express', 'Vary': 'X-HTTP-Method-Override', 'Content-Type': 'application/json; charset=utf-8', 'Content-Length': '1028', 'ETag': 'W/"404-eW3+n0yeVMX6pdRXj37isQU7d2Y"', 'Date': 'Tue, 19 Dec 2023 02:07:31 GMT', 'Connection': 'keep-alive'}) (remote_connection.py:329)
2023-12-19 04:07:31 [   DEBUG] Finished Request (remote_connection.py:356)
2023-12-19 04:07:31 [   DEBUG] POST http://localhost:4723/wd/hub/session/3661dfa4-00af-4cfb-a5c7-3fb3fbf2fac8/element {"using": "xpath", "value": "//*[@text=\"Register\"]"} (remote_connection.py:313)
2023-12-19 04:07:31 [   DEBUG] http://localhost:4723 "POST /wd/hub/session/3661dfa4-00af-4cfb-a5c7-3fb3fbf2fac8/element HTTP/1.1" 404 0 (connectionpool.py:546)
2023-12-19 04:07:31 [   DEBUG] Remote response: status=404 | data={"value":{"error":"no such element","message":"An element could not be located on the page using the given search parameters.","stacktrace":"NoSuchElementError: An element could not be located on the page using the given search parameters.\n    at AndroidUiautomator2Driver.findElOrEls (C:\\Users\\scher\\AppData\\Local\\Programs\\Appium Server GUI\\resources\\app\\node_modules\\appium\\node_modules\\appium-android-driver\\lib\\commands\\find.js:75:11)\n    at runMicrotasks (<anonymous>)\n    at processTicksAndRejections (internal/process/task_queues.js:97:5)\n    at AndroidUiautomator2Driver.findElOrElsWithProcessing (C:\\Users\\scher\\AppData\\Local\\Programs\\Appium Server GUI\\resources\\app\\node_modules\\appium\\node_modules\\appium-base-driver\\lib\\basedriver\\commands\\find.js:33:12)\n    at AndroidUiautomator2Driver.findElement (C:\\Users\\scher\\AppData\\Local\\Programs\\Appium Server GUI\\resources\\app\\node_modules\\appium\\node_modules\\appium-base-driver\\lib\\basedriver\\commands\\find.js:53:10)"}} | headers=HTTPHeaderDict({'X-Powered-By': 'Express', 'Vary': 'X-HTTP-Method-Override', 'Content-Type': 'application/json; charset=utf-8', 'Content-Length': '1028', 'ETag': 'W/"404-eW3+n0yeVMX6pdRXj37isQU7d2Y"', 'Date': 'Tue, 19 Dec 2023 02:07:31 GMT', 'Connection': 'keep-alive'}) (remote_connection.py:329)
2023-12-19 04:07:31 [   DEBUG] Finished Request (remote_connection.py:356)
2023-12-19 04:07:31 [   DEBUG] POST http://localhost:4723/wd/hub/session/3661dfa4-00af-4cfb-a5c7-3fb3fbf2fac8/element {"using": "xpath", "value": "//*[@text=\"Log In\"]"} (remote_connection.py:313)
2023-12-19 04:07:31 [   DEBUG] http://localhost:4723 "POST /wd/hub/session/3661dfa4-00af-4cfb-a5c7-3fb3fbf2fac8/element HTTP/1.1" 200 0 (connectionpool.py:546)
2023-12-19 04:07:31 [   DEBUG] Remote response: status=200 | data={"value":{"element-6066-11e4-a52e-4f735466cecf":"00000000-0000-1b3c-0000-00060000001b","ELEMENT":"00000000-0000-1b3c-0000-00060000001b"}} | headers=HTTPHeaderDict({'X-Powered-By': 'Express', 'Vary': 'X-HTTP-Method-Override', 'Content-Type': 'application/json; charset=utf-8', 'Content-Length': '137', 'ETag': 'W/"89-kK+F2YeqOeTJlliWsdEVmeqrEs8"', 'Date': 'Tue, 19 Dec 2023 02:07:31 GMT', 'Connection': 'keep-alive'}) (remote_connection.py:329)
2023-12-19 04:07:31 [   DEBUG] Finished Request (remote_connection.py:356)
2023-12-19 04:07:31 [   DEBUG] POST http://localhost:4723/wd/hub/session/3661dfa4-00af-4cfb-a5c7-3fb3fbf2fac8/element/00000000-0000-1b3c-0000-00060000001b/click {} (remote_connection.py:313)
2023-12-19 04:07:32 [   DEBUG] http://localhost:4723 "POST /wd/hub/session/3661dfa4-00af-4cfb-a5c7-3fb3fbf2fac8/element/00000000-0000-1b3c-0000-00060000001b/click HTTP/1.1" 200 0 (connectionpool.py:546)
2023-12-19 04:07:32 [   DEBUG] Remote response: status=200 | data={"value":null} | headers=HTTPHeaderDict({'X-Powered-By': 'Express', 'Vary': 'X-HTTP-Method-Override', 'Content-Type': 'application/json; charset=utf-8', 'Content-Length': '14', 'ETag': 'W/"e-9/1BuKMgFObM1mWJm+YjxtXJnUM"', 'Date': 'Tue, 19 Dec 2023 02:07:32 GMT', 'Connection': 'keep-alive'}) (remote_connection.py:329)
2023-12-19 04:07:32 [   DEBUG] Finished Request (remote_connection.py:356)
2023-12-19 04:07:32 [   DEBUG] POST http://localhost:4723/wd/hub/session/3661dfa4-00af-4cfb-a5c7-3fb3fbf2fac8/back {} (remote_connection.py:313)
2023-12-19 04:07:32 [   DEBUG] http://localhost:4723 "POST /wd/hub/session/3661dfa4-00af-4cfb-a5c7-3fb3fbf2fac8/back HTTP/1.1" 200 0 (connectionpool.py:546)
2023-12-19 04:07:32 [   DEBUG] Remote response: status=200 | data={"sessionId":"3661dfa4-00af-4cfb-a5c7-3fb3fbf2fac8","value":null} | headers=HTTPHeaderDict({'X-Powered-By': 'Express', 'Vary': 'X-HTTP-Method-Override', 'Content-Type': 'application/json; charset=utf-8', 'Content-Length': '65', 'ETag': 'W/"41-dFkrArE+9a8AWDRw7K3CeXgo9mQ"', 'Date': 'Tue, 19 Dec 2023 02:07:32 GMT', 'Connection': 'keep-alive'}) (remote_connection.py:329)
2023-12-19 04:07:32 [   DEBUG] Finished Request (remote_connection.py:356)
2023-12-19 04:07:32 [   DEBUG] POST http://localhost:4723/wd/hub/session/3661dfa4-00af-4cfb-a5c7-3fb3fbf2fac8/element {"using": "xpath", "value": "//*[@text=\"Create Account\"]"} (remote_connection.py:313)
2023-12-19 04:07:33 [   DEBUG] http://localhost:4723 "POST /wd/hub/session/3661dfa4-00af-4cfb-a5c7-3fb3fbf2fac8/element HTTP/1.1" 200 0 (connectionpool.py:546)
2023-12-19 04:07:33 [   DEBUG] Remote response: status=200 | data={"value":{"element-6066-11e4-a52e-4f735466cecf":"00000000-0000-1b3c-0000-000b00000021","ELEMENT":"00000000-0000-1b3c-0000-000b00000021"}} | headers=HTTPHeaderDict({'X-Powered-By': 'Express', 'Vary': 'X-HTTP-Method-Override', 'Content-Type': 'application/json; charset=utf-8', 'Content-Length': '137', 'ETag': 'W/"89-FuBbBM5shMarDvUZf5RiJqjNXbA"', 'Date': 'Tue, 19 Dec 2023 02:07:33 GMT', 'Connection': 'keep-alive'}) (remote_connection.py:329)
2023-12-19 04:07:33 [   DEBUG] Finished Request (remote_connection.py:356)
2023-12-19 04:07:33 [   DEBUG] POST http://localhost:4723/wd/hub/session/3661dfa4-00af-4cfb-a5c7-3fb3fbf2fac8/element/00000000-0000-1b3c-0000-000b00000021/click {} (remote_connection.py:313)
2023-12-19 04:07:34 [   DEBUG] http://localhost:4723 "POST /wd/hub/session/3661dfa4-00af-4cfb-a5c7-3fb3fbf2fac8/element/00000000-0000-1b3c-0000-000b00000021/click HTTP/1.1" 200 0 (connectionpool.py:546)
2023-12-19 04:07:34 [   DEBUG] Remote response: status=200 | data={"value":null} | headers=HTTPHeaderDict({'X-Powered-By': 'Express', 'Vary': 'X-HTTP-Method-Override', 'Content-Type': 'application/json; charset=utf-8', 'Content-Length': '14', 'ETag': 'W/"e-9/1BuKMgFObM1mWJm+YjxtXJnUM"', 'Date': 'Tue, 19 Dec 2023 02:07:34 GMT', 'Connection': 'keep-alive'}) (remote_connection.py:329)
2023-12-19 04:07:34 [   DEBUG] Finished Request (remote_connection.py:356)
2023-12-19 04:07:34 [   DEBUG] POST http://localhost:4723/wd/hub/session/3661dfa4-00af-4cfb-a5c7-3fb3fbf2fac8/back {} (remote_connection.py:313)
2023-12-19 04:07:35 [   DEBUG] http://localhost:4723 "POST /wd/hub/session/3661dfa4-00af-4cfb-a5c7-3fb3fbf2fac8/back HTTP/1.1" 200 0 (connectionpool.py:546)
2023-12-19 04:07:35 [   DEBUG] Remote response: status=200 | data={"sessionId":"3661dfa4-00af-4cfb-a5c7-3fb3fbf2fac8","value":null} | headers=HTTPHeaderDict({'X-Powered-By': 'Express', 'Vary': 'X-HTTP-Method-Override', 'Content-Type': 'application/json; charset=utf-8', 'Content-Length': '65', 'ETag': 'W/"41-dFkrArE+9a8AWDRw7K3CeXgo9mQ"', 'Date': 'Tue, 19 Dec 2023 02:07:35 GMT', 'Connection': 'keep-alive'}) (remote_connection.py:329)
2023-12-19 04:07:35 [   DEBUG] Finished Request (remote_connection.py:356)
2023-12-19 04:07:38 [   DEBUG] POST http://localhost:4723/wd/hub/session/3661dfa4-00af-4cfb-a5c7-3fb3fbf2fac8/element {"using": "xpath", "value": "//*[@text=\"Log In\"]"} (remote_connection.py:313)
2023-12-19 04:07:38 [   DEBUG] http://localhost:4723 "POST /wd/hub/session/3661dfa4-00af-4cfb-a5c7-3fb3fbf2fac8/element HTTP/1.1" 200 0 (connectionpool.py:546)
2023-12-19 04:07:38 [   DEBUG] Remote response: status=200 | data={"value":{"element-6066-11e4-a52e-4f735466cecf":"00000000-0000-1b3c-0000-00060000001b","ELEMENT":"00000000-0000-1b3c-0000-00060000001b"}} | headers=HTTPHeaderDict({'X-Powered-By': 'Express', 'Vary': 'X-HTTP-Method-Override', 'Content-Type': 'application/json; charset=utf-8', 'Content-Length': '137', 'ETag': 'W/"89-kK+F2YeqOeTJlliWsdEVmeqrEs8"', 'Date': 'Tue, 19 Dec 2023 02:07:38 GMT', 'Connection': 'keep-alive'}) (remote_connection.py:329)
2023-12-19 04:07:38 [   DEBUG] Finished Request (remote_connection.py:356)
2023-12-19 04:07:38 [   DEBUG] POST http://localhost:4723/wd/hub/session/3661dfa4-00af-4cfb-a5c7-3fb3fbf2fac8/element {"using": "xpath", "value": "//*[@text=\"Log In\"]"} (remote_connection.py:313)
2023-12-19 04:07:38 [   DEBUG] http://localhost:4723 "POST /wd/hub/session/3661dfa4-00af-4cfb-a5c7-3fb3fbf2fac8/element HTTP/1.1" 200 0 (connectionpool.py:546)
2023-12-19 04:07:38 [   DEBUG] Remote response: status=200 | data={"value":{"element-6066-11e4-a52e-4f735466cecf":"00000000-0000-1b3c-0000-00060000001b","ELEMENT":"00000000-0000-1b3c-0000-00060000001b"}} | headers=HTTPHeaderDict({'X-Powered-By': 'Express', 'Vary': 'X-HTTP-Method-Override', 'Content-Type': 'application/json; charset=utf-8', 'Content-Length': '137', 'ETag': 'W/"89-kK+F2YeqOeTJlliWsdEVmeqrEs8"', 'Date': 'Tue, 19 Dec 2023 02:07:38 GMT', 'Connection': 'keep-alive'}) (remote_connection.py:329)
2023-12-19 04:07:38 [   DEBUG] Finished Request (remote_connection.py:356)
2023-12-19 04:07:38 [   DEBUG] POST http://localhost:4723/wd/hub/session/3661dfa4-00af-4cfb-a5c7-3fb3fbf2fac8/element/00000000-0000-1b3c-0000-00060000001b/click {} (remote_connection.py:313)
2023-12-19 04:07:39 [   DEBUG] http://localhost:4723 "POST /wd/hub/session/3661dfa4-00af-4cfb-a5c7-3fb3fbf2fac8/element/00000000-0000-1b3c-0000-00060000001b/click HTTP/1.1" 200 0 (connectionpool.py:546)
2023-12-19 04:07:39 [   DEBUG] Remote response: status=200 | data={"value":null} | headers=HTTPHeaderDict({'X-Powered-By': 'Express', 'Vary': 'X-HTTP-Method-Override', 'Content-Type': 'application/json; charset=utf-8', 'Content-Length': '14', 'ETag': 'W/"e-9/1BuKMgFObM1mWJm+YjxtXJnUM"', 'Date': 'Tue, 19 Dec 2023 02:07:39 GMT', 'Connection': 'keep-alive'}) (remote_connection.py:329)
2023-12-19 04:07:39 [   DEBUG] Finished Request (remote_connection.py:356)
2023-12-19 04:07:39 [   DEBUG] POST http://localhost:4723/wd/hub/session/3661dfa4-00af-4cfb-a5c7-3fb3fbf2fac8/element {"using": "xpath", "value": "(//android.widget.EditText[@resource-id=\"defaultAutomationId\"])[1]"} (remote_connection.py:313)
2023-12-19 04:07:39 [   DEBUG] http://localhost:4723 "POST /wd/hub/session/3661dfa4-00af-4cfb-a5c7-3fb3fbf2fac8/element HTTP/1.1" 200 0 (connectionpool.py:546)
2023-12-19 04:07:39 [   DEBUG] Remote response: status=200 | data={"value":{"element-6066-11e4-a52e-4f735466cecf":"00000000-0000-1b3f-0000-00ab00000089","ELEMENT":"00000000-0000-1b3f-0000-00ab00000089"}} | headers=HTTPHeaderDict({'X-Powered-By': 'Express', 'Vary': 'X-HTTP-Method-Override', 'Content-Type': 'application/json; charset=utf-8', 'Content-Length': '137', 'ETag': 'W/"89-TuXc4GvnL5XTMw7TuQkyih6Tfuo"', 'Date': 'Tue, 19 Dec 2023 02:07:39 GMT', 'Connection': 'keep-alive'}) (remote_connection.py:329)
2023-12-19 04:07:39 [   DEBUG] Finished Request (remote_connection.py:356)
2023-12-19 04:07:39 [   DEBUG] POST http://localhost:4723/wd/hub/session/3661dfa4-00af-4cfb-a5c7-3fb3fbf2fac8/element/00000000-0000-1b3f-0000-00ab00000089/value {"text": "test@gmail.com", "value": ["t", "e", "s", "t", "@", "g", "m", "a", "i", "l", ".", "c", "o", "m"]} (remote_connection.py:313)
2023-12-19 04:07:40 [   DEBUG] http://localhost:4723 "POST /wd/hub/session/3661dfa4-00af-4cfb-a5c7-3fb3fbf2fac8/element/00000000-0000-1b3f-0000-00ab00000089/value HTTP/1.1" 200 0 (connectionpool.py:546)
2023-12-19 04:07:40 [   DEBUG] Remote response: status=200 | data={"value":null} | headers=HTTPHeaderDict({'X-Powered-By': 'Express', 'Vary': 'X-HTTP-Method-Override', 'Content-Type': 'application/json; charset=utf-8', 'Content-Length': '14', 'ETag': 'W/"e-9/1BuKMgFObM1mWJm+YjxtXJnUM"', 'Date': 'Tue, 19 Dec 2023 02:07:40 GMT', 'Connection': 'keep-alive'}) (remote_connection.py:329)
2023-12-19 04:07:40 [   DEBUG] Finished Request (remote_connection.py:356)
2023-12-19 04:07:40 [   DEBUG] POST http://localhost:4723/wd/hub/session/3661dfa4-00af-4cfb-a5c7-3fb3fbf2fac8/element {"using": "xpath", "value": "(//android.widget.EditText[@resource-id=\"defaultAutomationId\"])[2]"} (remote_connection.py:313)
2023-12-19 04:07:40 [   DEBUG] http://localhost:4723 "POST /wd/hub/session/3661dfa4-00af-4cfb-a5c7-3fb3fbf2fac8/element HTTP/1.1" 200 0 (connectionpool.py:546)
2023-12-19 04:07:40 [   DEBUG] Remote response: status=200 | data={"value":{"element-6066-11e4-a52e-4f735466cecf":"00000000-0000-1b3f-0000-00b70000008d","ELEMENT":"00000000-0000-1b3f-0000-00b70000008d"}} | headers=HTTPHeaderDict({'X-Powered-By': 'Express', 'Vary': 'X-HTTP-Method-Override', 'Content-Type': 'application/json; charset=utf-8', 'Content-Length': '137', 'ETag': 'W/"89-9IhFpx/5nrt3t9D0WjW6otqenMc"', 'Date': 'Tue, 19 Dec 2023 02:07:40 GMT', 'Connection': 'keep-alive'}) (remote_connection.py:329)
2023-12-19 04:07:40 [   DEBUG] Finished Request (remote_connection.py:356)
2023-12-19 04:07:40 [   DEBUG] POST http://localhost:4723/wd/hub/session/3661dfa4-00af-4cfb-a5c7-3fb3fbf2fac8/element/00000000-0000-1b3f-0000-00b70000008d/value {"text": "password123", "value": ["p", "a", "s", "s", "w", "o", "r", "d", "1", "2", "3"]} (remote_connection.py:313)
2023-12-19 04:07:40 [   DEBUG] http://localhost:4723 "POST /wd/hub/session/3661dfa4-00af-4cfb-a5c7-3fb3fbf2fac8/element/00000000-0000-1b3f-0000-00b70000008d/value HTTP/1.1" 200 0 (connectionpool.py:546)
2023-12-19 04:07:40 [   DEBUG] Remote response: status=200 | data={"value":null} | headers=HTTPHeaderDict({'X-Powered-By': 'Express', 'Vary': 'X-HTTP-Method-Override', 'Content-Type': 'application/json; charset=utf-8', 'Content-Length': '14', 'ETag': 'W/"e-9/1BuKMgFObM1mWJm+YjxtXJnUM"', 'Date': 'Tue, 19 Dec 2023 02:07:40 GMT', 'Connection': 'keep-alive'}) (remote_connection.py:329)
2023-12-19 04:07:40 [   DEBUG] Finished Request (remote_connection.py:356)
2023-12-19 04:07:40 [   DEBUG] POST http://localhost:4723/wd/hub/session/3661dfa4-00af-4cfb-a5c7-3fb3fbf2fac8/element {"using": "xpath", "value": "//*[@text=\"Log In\"]"} (remote_connection.py:313)
2023-12-19 04:07:41 [   DEBUG] http://localhost:4723 "POST /wd/hub/session/3661dfa4-00af-4cfb-a5c7-3fb3fbf2fac8/element HTTP/1.1" 200 0 (connectionpool.py:546)
2023-12-19 04:07:41 [   DEBUG] Remote response: status=200 | data={"value":{"element-6066-11e4-a52e-4f735466cecf":"00000000-0000-1b3f-0000-00a700000082","ELEMENT":"00000000-0000-1b3f-0000-00a700000082"}} | headers=HTTPHeaderDict({'X-Powered-By': 'Express', 'Vary': 'X-HTTP-Method-Override', 'Content-Type': 'application/json; charset=utf-8', 'Content-Length': '137', 'ETag': 'W/"89-qdGZyGkiGw4jE6xOjLE/Ct3AHpA"', 'Date': 'Tue, 19 Dec 2023 02:07:41 GMT', 'Connection': 'keep-alive'}) (remote_connection.py:329)
2023-12-19 04:07:41 [   DEBUG] Finished Request (remote_connection.py:356)
2023-12-19 04:07:41 [   DEBUG] POST http://localhost:4723/wd/hub/session/3661dfa4-00af-4cfb-a5c7-3fb3fbf2fac8/element/00000000-0000-1b3f-0000-00a700000082/click {} (remote_connection.py:313)
2023-12-19 04:07:42 [   DEBUG] http://localhost:4723 "POST /wd/hub/session/3661dfa4-00af-4cfb-a5c7-3fb3fbf2fac8/element/00000000-0000-1b3f-0000-00a700000082/click HTTP/1.1" 200 0 (connectionpool.py:546)
2023-12-19 04:07:42 [   DEBUG] Remote response: status=200 | data={"value":null} | headers=HTTPHeaderDict({'X-Powered-By': 'Express', 'Vary': 'X-HTTP-Method-Override', 'Content-Type': 'application/json; charset=utf-8', 'Content-Length': '14', 'ETag': 'W/"e-9/1BuKMgFObM1mWJm+YjxtXJnUM"', 'Date': 'Tue, 19 Dec 2023 02:07:42 GMT', 'Connection': 'keep-alive'}) (remote_connection.py:329)
2023-12-19 04:07:42 [   DEBUG] Finished Request (remote_connection.py:356)
2023-12-19 04:07:42 [   DEBUG] POST http://localhost:4723/wd/hub/session/3661dfa4-00af-4cfb-a5c7-3fb3fbf2fac8/element {"using": "xpath", "value": "//*[@text=\"Log In\"]"} (remote_connection.py:313)
2023-12-19 04:07:42 [   DEBUG] http://localhost:4723 "POST /wd/hub/session/3661dfa4-00af-4cfb-a5c7-3fb3fbf2fac8/element HTTP/1.1" 200 0 (connectionpool.py:546)
2023-12-19 04:07:42 [   DEBUG] Remote response: status=200 | data={"value":{"element-6066-11e4-a52e-4f735466cecf":"00000000-0000-1b3f-0000-00a700000082","ELEMENT":"00000000-0000-1b3f-0000-00a700000082"}} | headers=HTTPHeaderDict({'X-Powered-By': 'Express', 'Vary': 'X-HTTP-Method-Override', 'Content-Type': 'application/json; charset=utf-8', 'Content-Length': '137', 'ETag': 'W/"89-qdGZyGkiGw4jE6xOjLE/Ct3AHpA"', 'Date': 'Tue, 19 Dec 2023 02:07:42 GMT', 'Connection': 'keep-alive'}) (remote_connection.py:329)
2023-12-19 04:07:42 [   DEBUG] Finished Request (remote_connection.py:356)
2023-12-19 04:07:42 [   DEBUG] GET http://localhost:4723/wd/hub/session/3661dfa4-00af-4cfb-a5c7-3fb3fbf2fac8/element/00000000-0000-1b3f-0000-00a700000082/displayed {} (remote_connection.py:313)
2023-12-19 04:07:42 [   DEBUG] http://localhost:4723 "GET /wd/hub/session/3661dfa4-00af-4cfb-a5c7-3fb3fbf2fac8/element/00000000-0000-1b3f-0000-00a700000082/displayed HTTP/1.1" 200 0 (connectionpool.py:546)
2023-12-19 04:07:42 [   DEBUG] Remote response: status=200 | data={"value":true} | headers=HTTPHeaderDict({'X-Powered-By': 'Express', 'Content-Type': 'application/json; charset=utf-8', 'Content-Length': '14', 'ETag': 'W/"e-2ZHvAWebNQpyjGZTg6uyV8/spTo"', 'Date': 'Tue, 19 Dec 2023 02:07:42 GMT', 'Connection': 'keep-alive'}) (remote_connection.py:329)
2023-12-19 04:07:42 [   DEBUG] Finished Request (remote_connection.py:356)
2023-12-19 04:07:42 [   DEBUG] POST http://localhost:4723/wd/hub/session/3661dfa4-00af-4cfb-a5c7-3fb3fbf2fac8/back {} (remote_connection.py:313)
2023-12-19 04:07:43 [   DEBUG] http://localhost:4723 "POST /wd/hub/session/3661dfa4-00af-4cfb-a5c7-3fb3fbf2fac8/back HTTP/1.1" 200 0 (connectionpool.py:546)
2023-12-19 04:07:43 [   DEBUG] Remote response: status=200 | data={"sessionId":"3661dfa4-00af-4cfb-a5c7-3fb3fbf2fac8","value":null} | headers=HTTPHeaderDict({'X-Powered-By': 'Express', 'Vary': 'X-HTTP-Method-Override', 'Content-Type': 'application/json; charset=utf-8', 'Content-Length': '65', 'ETag': 'W/"41-dFkrArE+9a8AWDRw7K3CeXgo9mQ"', 'Date': 'Tue, 19 Dec 2023 02:07:43 GMT', 'Connection': 'keep-alive'}) (remote_connection.py:329)
2023-12-19 04:07:43 [   DEBUG] Finished Request (remote_connection.py:356)
2023-12-19 04:07:43 [   DEBUG] POST http://localhost:4723/wd/hub/session/3661dfa4-00af-4cfb-a5c7-3fb3fbf2fac8/element {"using": "xpath", "value": "//*[@text=\"Log In\"]"} (remote_connection.py:313)
2023-12-19 04:07:43 [   DEBUG] http://localhost:4723 "POST /wd/hub/session/3661dfa4-00af-4cfb-a5c7-3fb3fbf2fac8/element HTTP/1.1" 200 0 (connectionpool.py:546)
2023-12-19 04:07:43 [   DEBUG] Remote response: status=200 | data={"value":{"element-6066-11e4-a52e-4f735466cecf":"00000000-0000-1b3c-0000-00060000001b","ELEMENT":"00000000-0000-1b3c-0000-00060000001b"}} | headers=HTTPHeaderDict({'X-Powered-By': 'Express', 'Vary': 'X-HTTP-Method-Override', 'Content-Type': 'application/json; charset=utf-8', 'Content-Length': '137', 'ETag': 'W/"89-kK+F2YeqOeTJlliWsdEVmeqrEs8"', 'Date': 'Tue, 19 Dec 2023 02:07:43 GMT', 'Connection': 'keep-alive'}) (remote_connection.py:329)
2023-12-19 04:07:43 [   DEBUG] Finished Request (remote_connection.py:356)
2023-12-19 04:07:43 [   DEBUG] POST http://localhost:4723/wd/hub/session/3661dfa4-00af-4cfb-a5c7-3fb3fbf2fac8/element {"using": "xpath", "value": "//*[@text=\"Log In\"]"} (remote_connection.py:313)
2023-12-19 04:07:43 [   DEBUG] http://localhost:4723 "POST /wd/hub/session/3661dfa4-00af-4cfb-a5c7-3fb3fbf2fac8/element HTTP/1.1" 200 0 (connectionpool.py:546)
2023-12-19 04:07:43 [   DEBUG] Remote response: status=200 | data={"value":{"element-6066-11e4-a52e-4f735466cecf":"00000000-0000-1b3c-0000-00060000001b","ELEMENT":"00000000-0000-1b3c-0000-00060000001b"}} | headers=HTTPHeaderDict({'X-Powered-By': 'Express', 'Vary': 'X-HTTP-Method-Override', 'Content-Type': 'application/json; charset=utf-8', 'Content-Length': '137', 'ETag': 'W/"89-kK+F2YeqOeTJlliWsdEVmeqrEs8"', 'Date': 'Tue, 19 Dec 2023 02:07:43 GMT', 'Connection': 'keep-alive'}) (remote_connection.py:329)
2023-12-19 04:07:43 [   DEBUG] Finished Request (remote_connection.py:356)
2023-12-19 04:07:43 [   DEBUG] POST http://localhost:4723/wd/hub/session/3661dfa4-00af-4cfb-a5c7-3fb3fbf2fac8/element/00000000-0000-1b3c-0000-00060000001b/click {} (remote_connection.py:313)
2023-12-19 04:07:44 [   DEBUG] http://localhost:4723 "POST /wd/hub/session/3661dfa4-00af-4cfb-a5c7-3fb3fbf2fac8/element/00000000-0000-1b3c-0000-00060000001b/click HTTP/1.1" 200 0 (connectionpool.py:546)
2023-12-19 04:07:44 [   DEBUG] Remote response: status=200 | data={"value":null} | headers=HTTPHeaderDict({'X-Powered-By': 'Express', 'Vary': 'X-HTTP-Method-Override', 'Content-Type': 'application/json; charset=utf-8', 'Content-Length': '14', 'ETag': 'W/"e-9/1BuKMgFObM1mWJm+YjxtXJnUM"', 'Date': 'Tue, 19 Dec 2023 02:07:44 GMT', 'Connection': 'keep-alive'}) (remote_connection.py:329)
2023-12-19 04:07:44 [   DEBUG] Finished Request (remote_connection.py:356)
2023-12-19 04:07:44 [   DEBUG] POST http://localhost:4723/wd/hub/session/3661dfa4-00af-4cfb-a5c7-3fb3fbf2fac8/element {"using": "xpath", "value": "(//android.widget.EditText[@resource-id=\"defaultAutomationId\"])[1]"} (remote_connection.py:313)
2023-12-19 04:07:44 [   DEBUG] http://localhost:4723 "POST /wd/hub/session/3661dfa4-00af-4cfb-a5c7-3fb3fbf2fac8/element HTTP/1.1" 200 0 (connectionpool.py:546)
2023-12-19 04:07:44 [   DEBUG] Remote response: status=200 | data={"value":{"element-6066-11e4-a52e-4f735466cecf":"00000000-0000-1b40-0000-00cf000000c0","ELEMENT":"00000000-0000-1b40-0000-00cf000000c0"}} | headers=HTTPHeaderDict({'X-Powered-By': 'Express', 'Vary': 'X-HTTP-Method-Override', 'Content-Type': 'application/json; charset=utf-8', 'Content-Length': '137', 'ETag': 'W/"89-30SOiXaWeKu201NAVHu9NjM6UEU"', 'Date': 'Tue, 19 Dec 2023 02:07:44 GMT', 'Connection': 'keep-alive'}) (remote_connection.py:329)
2023-12-19 04:07:44 [   DEBUG] Finished Request (remote_connection.py:356)
2023-12-19 04:07:44 [   DEBUG] POST http://localhost:4723/wd/hub/session/3661dfa4-00af-4cfb-a5c7-3fb3fbf2fac8/element {"using": "xpath", "value": "(//android.widget.EditText[@resource-id=\"defaultAutomationId\"])[1]"} (remote_connection.py:313)
2023-12-19 04:07:45 [   DEBUG] http://localhost:4723 "POST /wd/hub/session/3661dfa4-00af-4cfb-a5c7-3fb3fbf2fac8/element HTTP/1.1" 200 0 (connectionpool.py:546)
2023-12-19 04:07:45 [   DEBUG] Remote response: status=200 | data={"value":{"element-6066-11e4-a52e-4f735466cecf":"00000000-0000-1b40-0000-00cf000000c0","ELEMENT":"00000000-0000-1b40-0000-00cf000000c0"}} | headers=HTTPHeaderDict({'X-Powered-By': 'Express', 'Vary': 'X-HTTP-Method-Override', 'Content-Type': 'application/json; charset=utf-8', 'Content-Length': '137', 'ETag': 'W/"89-30SOiXaWeKu201NAVHu9NjM6UEU"', 'Date': 'Tue, 19 Dec 2023 02:07:45 GMT', 'Connection': 'keep-alive'}) (remote_connection.py:329)
2023-12-19 04:07:45 [   DEBUG] Finished Request (remote_connection.py:356)
2023-12-19 04:07:45 [   DEBUG] POST http://localhost:4723/wd/hub/session/3661dfa4-00af-4cfb-a5c7-3fb3fbf2fac8/element/00000000-0000-1b40-0000-00cf000000c0/value {"text": "qa.ajax.app.automation@gmail.com", "value": ["q", "a", ".", "a", "j", "a", "x", ".", "a", "p", "p", ".", "a", "u", "t", "o", "m", "a", "t", "i", "o", "n", "@", "g", "m", "a", "i", "l", ".", "c", "o", "m"]} (remote_connection.py:313)
2023-12-19 04:07:45 [   DEBUG] http://localhost:4723 "POST /wd/hub/session/3661dfa4-00af-4cfb-a5c7-3fb3fbf2fac8/element/00000000-0000-1b40-0000-00cf000000c0/value HTTP/1.1" 200 0 (connectionpool.py:546)
2023-12-19 04:07:45 [   DEBUG] Remote response: status=200 | data={"value":null} | headers=HTTPHeaderDict({'X-Powered-By': 'Express', 'Vary': 'X-HTTP-Method-Override', 'Content-Type': 'application/json; charset=utf-8', 'Content-Length': '14', 'ETag': 'W/"e-9/1BuKMgFObM1mWJm+YjxtXJnUM"', 'Date': 'Tue, 19 Dec 2023 02:07:45 GMT', 'Connection': 'keep-alive'}) (remote_connection.py:329)
2023-12-19 04:07:45 [   DEBUG] Finished Request (remote_connection.py:356)
2023-12-19 04:07:45 [   DEBUG] POST http://localhost:4723/wd/hub/session/3661dfa4-00af-4cfb-a5c7-3fb3fbf2fac8/element {"using": "xpath", "value": "(//android.widget.EditText[@resource-id=\"defaultAutomationId\"])[2]"} (remote_connection.py:313)
2023-12-19 04:07:45 [   DEBUG] http://localhost:4723 "POST /wd/hub/session/3661dfa4-00af-4cfb-a5c7-3fb3fbf2fac8/element HTTP/1.1" 200 0 (connectionpool.py:546)
2023-12-19 04:07:45 [   DEBUG] Remote response: status=200 | data={"value":{"element-6066-11e4-a52e-4f735466cecf":"00000000-0000-1b40-0000-00db000000c4","ELEMENT":"00000000-0000-1b40-0000-00db000000c4"}} | headers=HTTPHeaderDict({'X-Powered-By': 'Express', 'Vary': 'X-HTTP-Method-Override', 'Content-Type': 'application/json; charset=utf-8', 'Content-Length': '137', 'ETag': 'W/"89-mOwocmJuCJIK5zeuqmkhA6/MmUM"', 'Date': 'Tue, 19 Dec 2023 02:07:45 GMT', 'Connection': 'keep-alive'}) (remote_connection.py:329)
2023-12-19 04:07:45 [   DEBUG] Finished Request (remote_connection.py:356)
2023-12-19 04:07:45 [   DEBUG] POST http://localhost:4723/wd/hub/session/3661dfa4-00af-4cfb-a5c7-3fb3fbf2fac8/element/00000000-0000-1b40-0000-00db000000c4/value {"text": "qa_automation_password", "value": ["q", "a", "_", "a", "u", "t", "o", "m", "a", "t", "i", "o", "n", "_", "p", "a", "s", "s", "w", "o", "r", "d"]} (remote_connection.py:313)
2023-12-19 04:07:45 [   DEBUG] http://localhost:4723 "POST /wd/hub/session/3661dfa4-00af-4cfb-a5c7-3fb3fbf2fac8/element/00000000-0000-1b40-0000-00db000000c4/value HTTP/1.1" 200 0 (connectionpool.py:546)
2023-12-19 04:07:45 [   DEBUG] Remote response: status=200 | data={"value":null} | headers=HTTPHeaderDict({'X-Powered-By': 'Express', 'Vary': 'X-HTTP-Method-Override', 'Content-Type': 'application/json; charset=utf-8', 'Content-Length': '14', 'ETag': 'W/"e-9/1BuKMgFObM1mWJm+YjxtXJnUM"', 'Date': 'Tue, 19 Dec 2023 02:07:45 GMT', 'Connection': 'keep-alive'}) (remote_connection.py:329)
2023-12-19 04:07:45 [   DEBUG] Finished Request (remote_connection.py:356)
2023-12-19 04:07:45 [   DEBUG] POST http://localhost:4723/wd/hub/session/3661dfa4-00af-4cfb-a5c7-3fb3fbf2fac8/element {"using": "xpath", "value": "//*[@text=\"Log In\"]"} (remote_connection.py:313)
2023-12-19 04:07:46 [   DEBUG] http://localhost:4723 "POST /wd/hub/session/3661dfa4-00af-4cfb-a5c7-3fb3fbf2fac8/element HTTP/1.1" 200 0 (connectionpool.py:546)
2023-12-19 04:07:46 [   DEBUG] Remote response: status=200 | data={"value":{"element-6066-11e4-a52e-4f735466cecf":"00000000-0000-1b40-0000-00cb000000b9","ELEMENT":"00000000-0000-1b40-0000-00cb000000b9"}} | headers=HTTPHeaderDict({'X-Powered-By': 'Express', 'Vary': 'X-HTTP-Method-Override', 'Content-Type': 'application/json; charset=utf-8', 'Content-Length': '137', 'ETag': 'W/"89-7Dku6NZFNnY0UJWl+NCiXZvAjSM"', 'Date': 'Tue, 19 Dec 2023 02:07:46 GMT', 'Connection': 'keep-alive'}) (remote_connection.py:329)
2023-12-19 04:07:46 [   DEBUG] Finished Request (remote_connection.py:356)
2023-12-19 04:07:46 [   DEBUG] POST http://localhost:4723/wd/hub/session/3661dfa4-00af-4cfb-a5c7-3fb3fbf2fac8/element/00000000-0000-1b40-0000-00cb000000b9/click {} (remote_connection.py:313)
2023-12-19 04:07:47 [   DEBUG] http://localhost:4723 "POST /wd/hub/session/3661dfa4-00af-4cfb-a5c7-3fb3fbf2fac8/element/00000000-0000-1b40-0000-00cb000000b9/click HTTP/1.1" 200 0 (connectionpool.py:546)
2023-12-19 04:07:47 [   DEBUG] Remote response: status=200 | data={"value":null} | headers=HTTPHeaderDict({'X-Powered-By': 'Express', 'Vary': 'X-HTTP-Method-Override', 'Content-Type': 'application/json; charset=utf-8', 'Content-Length': '14', 'ETag': 'W/"e-9/1BuKMgFObM1mWJm+YjxtXJnUM"', 'Date': 'Tue, 19 Dec 2023 02:07:47 GMT', 'Connection': 'keep-alive'}) (remote_connection.py:329)
2023-12-19 04:07:47 [   DEBUG] Finished Request (remote_connection.py:356)
2023-12-19 04:07:52 [   DEBUG] POST http://localhost:4723/wd/hub/session/3661dfa4-00af-4cfb-a5c7-3fb3fbf2fac8/element {"using": "xpath", "value": "//android.widget.TextView[@resource-id=\"com.ajaxsystems:id/addFirstHub\"]"} (remote_connection.py:313)
2023-12-19 04:07:52 [   DEBUG] http://localhost:4723 "POST /wd/hub/session/3661dfa4-00af-4cfb-a5c7-3fb3fbf2fac8/element HTTP/1.1" 200 0 (connectionpool.py:546)
2023-12-19 04:07:52 [   DEBUG] Remote response: status=200 | data={"value":{"element-6066-11e4-a52e-4f735466cecf":"00000000-0000-1b42-ffff-ffff00000118","ELEMENT":"00000000-0000-1b42-ffff-ffff00000118"}} | headers=HTTPHeaderDict({'X-Powered-By': 'Express', 'Vary': 'X-HTTP-Method-Override', 'Content-Type': 'application/json; charset=utf-8', 'Content-Length': '137', 'ETag': 'W/"89-fsrWX9/AtF+PWuN00CVrmXsRekE"', 'Date': 'Tue, 19 Dec 2023 02:07:52 GMT', 'Connection': 'keep-alive'}) (remote_connection.py:329)
2023-12-19 04:07:52 [   DEBUG] Finished Request (remote_connection.py:356)
2023-12-19 04:07:52 [   DEBUG] GET http://localhost:4723/wd/hub/session/3661dfa4-00af-4cfb-a5c7-3fb3fbf2fac8/element/00000000-0000-1b42-ffff-ffff00000118/text {} (remote_connection.py:313)
2023-12-19 04:07:52 [   DEBUG] http://localhost:4723 "GET /wd/hub/session/3661dfa4-00af-4cfb-a5c7-3fb3fbf2fac8/element/00000000-0000-1b42-ffff-ffff00000118/text HTTP/1.1" 200 0 (connectionpool.py:546)
2023-12-19 04:07:52 [   DEBUG] Remote response: status=200 | data={"sessionId":"3661dfa4-00af-4cfb-a5c7-3fb3fbf2fac8","value":"Add your first hub to start managing the security system"} | headers=HTTPHeaderDict({'X-Powered-By': 'Express', 'Content-Type': 'application/json; charset=utf-8', 'Content-Length': '119', 'ETag': 'W/"77-HL796lHlp779L6QTCEtpL0hNQzk"', 'Date': 'Tue, 19 Dec 2023 02:07:52 GMT', 'Connection': 'keep-alive'}) (remote_connection.py:329)
2023-12-19 04:07:52 [   DEBUG] Finished Request (remote_connection.py:356)
